
> fastlink-saas@0.1.0 build
> next build

▲ Next.js 16.2.4 (Turbopack)

  Creating an optimized production build ...
✓ Compiled successfully in 22.3s
  Running TypeScript ...
  Finished TypeScript in 9.9s ...
  Collecting page data using 11 workers ...
  Generating static pages using 11 workers (0/16) ...
  Generating static pages using 11 workers (4/16) 
  Generating static pages using 11 workers (8/16) 
  Generating static pages using 11 workers (12/16) 
✓ Generating static pages using 11 workers (16/16) in 651ms
  Finalizing page optimization ...

Route (app)
┌ ○ /
├ ○ /_not-found
├ ○ /analytics
├ ○ /attendance
├ ○ /calendar
├ ○ /crm
├ ○ /dashboard
├ ○ /files
├ ○ /messages
├ ○ /project
├ ○ /settings
├ ○ /support
├ ○ /user-management
└ ○ /users


○  (Static)  prerendered as static content

